Info: Starting: Create simulation model
Info: qsys-generate "C:\Users\jose3\Documents\EE371-Digital-Systems\Lab 6 NEW\fft.qsys" --simulation=VERILOG --allow-mixed-language-simulation --output-directory="C:\Users\jose3\Documents\EE371-Digital-Systems\Lab 6 NEW\fft\simulation" --family="Cyclone V" --part=5CSEMA5F31C6
Progress: Loading Lab 6 NEW/fft.qsys
Progress: Reading input file
Progress: Adding fft_ii_0 [altera_fft_ii 17.0]
Progress: Parameterizing module fft_ii_0
Progress: Building connections
Progress: Parameterizing connections
Progress: Validating
Progress: Done reading input file
Info: fft.fft_ii_0: Radix-4 digit reverse implied
Info: fft: Generating fft "fft" for SIM_VERILOG
Info: fft_ii_0: --- add file: fft_fft_ii_0_twifp1.hex
Info: fft_ii_0: --- add file: fft_fft_ii_0_twifp2.hex
Info: fft_ii_0: --- add file: fft_fft_ii_0_twrfp1.hex
Info: fft_ii_0: --- add file: fft_fft_ii_0_twrfp2.hex
Info: fft_ii_0: --- add file: fft_fft_ii_0_twifp3.hex
Info: fft_ii_0: --- add file: fft_fft_ii_0_twifp4.hex
Info: fft_ii_0: --- add file: fft_fft_ii_0_twrfp3.hex
Info: fft_ii_0: --- add file: fft_fft_ii_0_twrfp4.hex
Info: fft_ii_0: --- add file: fft_fft_ii_0_twqfp1.hex
Info: fft_ii_0: --- add file: fft_fft_ii_0_twqfp2.hex
Info: fft_ii_0: --- add file: fft_fft_ii_0_twqfp3.hex
Info: fft_ii_0: --- add file: fft_fft_ii_0_twqfp4.hex
Info: fft_ii_0: "fft" instantiated altera_fft_ii "fft_ii_0"
Info: fft: Done "fft" with 2 modules, 172 files
Info: qsys-generate succeeded.
Info: Finished: Create simulation model
Info: Starting: Create Modelsim Project.
Info: sim-script-gen --spd="C:\Users\jose3\Documents\EE371-Digital-Systems\Lab 6 NEW\fft\fft.spd" --output-directory="C:/Users/jose3/Documents/EE371-Digital-Systems/Lab 6 NEW/fft/simulation/" --use-relative-paths=true
Info: Doing: ip-make-simscript --spd=C:\Users\jose3\Documents\EE371-Digital-Systems\Lab 6 NEW\fft\fft.spd --output-directory=C:/Users/jose3/Documents/EE371-Digital-Systems/Lab 6 NEW/fft/simulation/ --use-relative-paths=true
Info: Generating the following file(s) for MODELSIM simulator in C:/Users/jose3/Documents/EE371-Digital-Systems/Lab 6 NEW/fft/simulation/ directory:
Info: 	mentor/msim_setup.tcl
Info: Skipping VCS script generation since VHDL file $QUARTUS_INSTALL_DIR/eda/sim_lib/altera_syn_attributes.vhd is required for simulation
Info: Generating the following file(s) for VCSMX simulator in C:/Users/jose3/Documents/EE371-Digital-Systems/Lab 6 NEW/fft/simulation/ directory:
Info: 	synopsys/vcsmx/synopsys_sim.setup
Info: 	synopsys/vcsmx/vcsmx_setup.sh
Info: Generating the following file(s) for NCSIM simulator in C:/Users/jose3/Documents/EE371-Digital-Systems/Lab 6 NEW/fft/simulation/ directory:
Info: 	cadence/cds.lib
Info: 	cadence/hdl.var
Info: 	cadence/ncsim_setup.sh
Info: 	1 .cds.lib files in cadence/cds_libs/ directory
Info: Generating the following file(s) for RIVIERA simulator in C:/Users/jose3/Documents/EE371-Digital-Systems/Lab 6 NEW/fft/simulation/ directory:
Info: 	aldec/rivierapro_setup.tcl
Info: For information on how to simulate your IP, see the explanatory comments in the simulator-specific subdirectories under C:/Users/jose3/Documents/EE371-Digital-Systems/Lab 6 NEW/fft/simulation/.
Info: Regenerate these scripts whenever you make any change to any Quartus-generated IP in your project.
Info: Finished: Create Modelsim Project.
Info: Starting: Create block symbol file (.bsf)
Info: qsys-generate "C:\Users\jose3\Documents\EE371-Digital-Systems\Lab 6 NEW\fft.qsys" --block-symbol-file --output-directory="C:\Users\jose3\Documents\EE371-Digital-Systems\Lab 6 NEW\fft" --family="Cyclone V" --part=5CSEMA5F31C6
Progress: Loading Lab 6 NEW/fft.qsys
Progress: Reading input file
Progress: Adding fft_ii_0 [altera_fft_ii 17.0]
Progress: Parameterizing module fft_ii_0
Progress: Building connections
Progress: Parameterizing connections
Progress: Validating
Progress: Done reading input file
Info: fft.fft_ii_0: Radix-4 digit reverse implied
Info: qsys-generate succeeded.
Info: Finished: Create block symbol file (.bsf)
Info: 
Info: Starting: Create HDL design files for synthesis
Info: qsys-generate "C:\Users\jose3\Documents\EE371-Digital-Systems\Lab 6 NEW\fft.qsys" --synthesis=VERILOG --output-directory="C:\Users\jose3\Documents\EE371-Digital-Systems\Lab 6 NEW\fft\synthesis" --family="Cyclone V" --part=5CSEMA5F31C6
Progress: Loading Lab 6 NEW/fft.qsys
Progress: Reading input file
Progress: Adding fft_ii_0 [altera_fft_ii 17.0]
Progress: Parameterizing module fft_ii_0
Progress: Building connections
Progress: Parameterizing connections
Progress: Validating
Progress: Done reading input file
Info: fft.fft_ii_0: Radix-4 digit reverse implied
Info: fft: Generating fft "fft" for QUARTUS_SYNTH
Info: fft_ii_0: --- add file: fft_fft_ii_0_twifp1.hex
Info: fft_ii_0: --- add file: fft_fft_ii_0_twifp2.hex
Info: fft_ii_0: --- add file: fft_fft_ii_0_twrfp1.hex
Info: fft_ii_0: --- add file: fft_fft_ii_0_twrfp2.hex
Info: fft_ii_0: --- add file: fft_fft_ii_0_twifp3.hex
Info: fft_ii_0: --- add file: fft_fft_ii_0_twifp4.hex
Info: fft_ii_0: --- add file: fft_fft_ii_0_twrfp3.hex
Info: fft_ii_0: --- add file: fft_fft_ii_0_twrfp4.hex
Info: fft_ii_0: --- add file: fft_fft_ii_0_twqfp1.hex
Info: fft_ii_0: --- add file: fft_fft_ii_0_twqfp2.hex
Info: fft_ii_0: --- add file: fft_fft_ii_0_twqfp3.hex
Info: fft_ii_0: --- add file: fft_fft_ii_0_twqfp4.hex
Info: fft_ii_0: "fft" instantiated altera_fft_ii "fft_ii_0"
Info: fft: Done "fft" with 2 modules, 70 files
Info: qsys-generate succeeded.
Info: Finished: Create HDL design files for synthesis
